// Jest Snapshot v1, https://goo.gl/fbAQLP

exports[`Home renders correctly 1`] = `
<DocumentFragment>
  <div
    class="homepage"
  >
    <div
      class="homepage-box"
    >
      <p
        class="homepage-text"
      >
        View, add and even save your favourite properties with the Surreal Estate! 
      </p>
    </div>
  </div>
</DocumentFragment>
`;
